../Core/Src/main.c:132:6:HAL_TIM_PeriodElapsedCallback	16	static
../Core/Src/main.c:143:6:HAL_UART_TxCpltCallback	16	static
../Core/Src/main.c:151:6:user_init	32	static
../Core/Src/main.c:198:6:update_encoder_speed	16	static
../Core/Src/main.c:240:6:read_IMU	32	static
../Core/Src/main.c:260:6:check_uart_command	16	static
../Core/Src/main.c:290:6:parse_uart_line	40	static
../Core/Src/main.c:313:6:move	64	static
../Core/Src/main.c:340:5:main	8	static
../Core/Src/main.c:406:6:SystemClock_Config	88	static
../Core/Src/main.c:453:13:MX_I2C3_Init	8	static
../Core/Src/main.c:487:13:MX_TIM1_Init	56	static
../Core/Src/main.c:537:13:MX_TIM2_Init	56	static
../Core/Src/main.c:586:13:MX_TIM3_Init	56	static
../Core/Src/main.c:635:13:MX_TIM4_Init	56	static
../Core/Src/main.c:684:13:MX_TIM5_Init	64	static
../Core/Src/main.c:747:13:MX_TIM9_Init	56	static
../Core/Src/main.c:799:13:MX_TIM10_Init	40	static
../Core/Src/main.c:845:13:MX_TIM11_Init	8	static
../Core/Src/main.c:876:13:MX_USART6_UART_Init	8	static
../Core/Src/main.c:907:13:MX_DMA_Init	16	static
../Core/Src/main.c:928:13:MX_GPIO_Init	56	static
../Core/Src/main.c:1047:6:Error_Handler	4	static,ignoring_inline_asm
