../Core/Src/main.c:157:6:HAL_TIM_PeriodElapsedCallback	16	static
../Core/Src/main.c:168:6:HAL_UART_TxCpltCallback	16	static
../Core/Src/main.c:176:6:user_init	32	static
../Core/Src/main.c:227:6:update_encoder_speed	16	static
../Core/Src/main.c:269:6:read_IMU	32	static
../Core/Src/main.c:289:6:check_uart_command	16	static
../Core/Src/main.c:319:6:parse_uart_line	40	static
../Core/Src/main.c:345:6:move	64	static
../Core/Src/main.c:372:6:driveMotor	32	static
../Core/Src/main.c:397:5:main	48	static
../Core/Src/main.c:534:6:SystemClock_Config	88	static
../Core/Src/main.c:581:13:MX_I2C3_Init	8	static
../Core/Src/main.c:615:13:MX_TIM1_Init	56	static
../Core/Src/main.c:665:13:MX_TIM2_Init	56	static
../Core/Src/main.c:714:13:MX_TIM3_Init	56	static
../Core/Src/main.c:763:13:MX_TIM4_Init	56	static
../Core/Src/main.c:812:13:MX_TIM5_Init	64	static
../Core/Src/main.c:875:13:MX_TIM9_Init	56	static
../Core/Src/main.c:927:13:MX_TIM10_Init	40	static
../Core/Src/main.c:973:13:MX_TIM11_Init	8	static
../Core/Src/main.c:1004:13:MX_USART6_UART_Init	8	static
../Core/Src/main.c:1035:13:MX_DMA_Init	16	static
../Core/Src/main.c:1056:13:MX_GPIO_Init	56	static
../Core/Src/main.c:1187:6:Error_Handler	4	static,ignoring_inline_asm
