../Core/Src/main.c:177:6:HAL_TIM_PeriodElapsedCallback	16	static
../Core/Src/main.c:190:6:HAL_UART_TxCpltCallback	16	static
../Core/Src/main.c:198:6:HAL_UART_RxCpltCallback	16	static
../Core/Src/main.c:206:6:user_init	32	static
../Core/Src/main.c:257:6:update_encoder_speed	16	static
../Core/Src/main.c:311:6:read_IMU	32	static
../Core/Src/main.c:334:6:update_yaw_dot	24	static
../Core/Src/main.c:351:6:check_uart_command	16	static
../Core/Src/main.c:381:6:parse_uart_line	40	static
../Core/Src/main.c:411:6:move	64	static
../Core/Src/main.c:455:6:driveMotor	24	static
../Core/Src/main.c:482:5:main	48	static
../Core/Src/main.c:657:6:SystemClock_Config	88	static
../Core/Src/main.c:704:13:MX_I2C3_Init	8	static
../Core/Src/main.c:738:13:MX_TIM1_Init	56	static
../Core/Src/main.c:788:13:MX_TIM2_Init	56	static
../Core/Src/main.c:837:13:MX_TIM3_Init	56	static
../Core/Src/main.c:886:13:MX_TIM4_Init	56	static
../Core/Src/main.c:935:13:MX_TIM5_Init	64	static
../Core/Src/main.c:998:13:MX_TIM9_Init	56	static
../Core/Src/main.c:1050:13:MX_TIM10_Init	40	static
../Core/Src/main.c:1096:13:MX_TIM11_Init	8	static
../Core/Src/main.c:1127:13:MX_USART6_UART_Init	8	static
../Core/Src/main.c:1158:13:MX_DMA_Init	16	static
../Core/Src/main.c:1179:13:MX_GPIO_Init	56	static
../Core/Src/main.c:1310:6:Error_Handler	4	static,ignoring_inline_asm
