../Core/Src/main.c:81:5:main	8	static
../Core/Src/main.c:135:6:SystemClock_Config	88	static
../Core/Src/main.c:181:6:PeriphCommonClock_Config	32	static
../Core/Src/main.c:202:13:MX_I2C1_Init	8	static
../Core/Src/main.c:236:13:MX_I2S2_Init	8	static
../Core/Src/main.c:270:13:MX_I2S3_Init	8	static
../Core/Src/main.c:304:13:MX_SPI1_Init	8	static
../Core/Src/main.c:342:13:MX_TIM1_Init	80	static
../Core/Src/main.c:407:13:MX_GPIO_Init	56	static
../Core/Src/main.c:492:6:Error_Handler	4	static,ignoring_inline_asm
