../Core/Src/main.c:148:6:HAL_TIM_PeriodElapsedCallback	16	static
../Core/Src/main.c:159:6:HAL_UART_TxCpltCallback	16	static
../Core/Src/main.c:167:6:user_init	32	static
../Core/Src/main.c:214:6:update_encoder_speed	16	static
../Core/Src/main.c:256:6:read_IMU	32	static
../Core/Src/main.c:276:6:check_uart_command	16	static
../Core/Src/main.c:306:6:parse_uart_line	40	static
../Core/Src/main.c:332:6:move	64	static
../Core/Src/main.c:359:6:driveMotor	32	static
../Core/Src/main.c:384:5:main	48	static
../Core/Src/main.c:470:6:SystemClock_Config	88	static
../Core/Src/main.c:517:13:MX_I2C3_Init	8	static
../Core/Src/main.c:551:13:MX_TIM1_Init	56	static
../Core/Src/main.c:601:13:MX_TIM2_Init	56	static
../Core/Src/main.c:650:13:MX_TIM3_Init	56	static
../Core/Src/main.c:699:13:MX_TIM4_Init	56	static
../Core/Src/main.c:748:13:MX_TIM5_Init	64	static
../Core/Src/main.c:811:13:MX_TIM9_Init	56	static
../Core/Src/main.c:863:13:MX_TIM10_Init	40	static
../Core/Src/main.c:909:13:MX_TIM11_Init	8	static
../Core/Src/main.c:940:13:MX_USART6_UART_Init	8	static
../Core/Src/main.c:971:13:MX_DMA_Init	16	static
../Core/Src/main.c:992:13:MX_GPIO_Init	56	static
../Core/Src/main.c:1123:6:Error_Handler	4	static,ignoring_inline_asm
